LTspice 24.1.9 for Windows
Circuit: C:\Users\Usuario\Documents\Proyecto_Pedal\Overdrive-guitar-pedal-project\Simulaciones\Overdrive_simple.net
Start Time: Tue Jul 21 11:48:18 2026
solver = Alternate
Maximum thread count: 22
tnom = 27
temp = 27
method = trap
Early termination of direct N-R iteration.
Direct Newton iteration failed to find .op point.  (Use ".option noopiter" to skip.)
Starting Gmin stepping
Gmin = 10
vernier = 0.5
vernier = 0.25
vernier = 0.125
Gmin = 5.49741
vernier = 0.0625
vernier = 0.03125
vernier = 0.015625
vernier = 0.0078125
Gmin = 5.51716
vernier = 0.00390625
vernier = 0.00195312
vernier = 0.000976562
vernier = 0.000488281
Gmin = 5.50104
Gmin = 0
Gmin stepping failed

Starting source stepping with srcstepmethod=0
Source Step = 3.0303%
Source Step = 33.3333%
Source Step = 33.6648%
Source Step = 34.1383%
Source Step = 34.6117%
Source Step = 34.9461%
Source Step = 34.9757%
Source Step = 35.0053%
Source Step = 35.0349%
Source Step = 35.0645%
Source Step = 35.0941%
vernier = 0.00146484
Source Step = 35.137%
Source Step = 35.1814%
Source Step = 35.2258%
Source Step = 35.2702%
Source Step = 35.3146%
vernier = 0.00219727
Source Step = 35.3767%
Source Step = 35.4433%
Source Step = 35.5099%
Source Step = 35.5765%
Source Step = 35.6431%
Source Step = 35.7096%
Source Step = 35.7762%
Source Step = 35.8428%
Source Step = 35.9094%
vernier = 0.0032959
Source Step = 36.0026%
Source Step = 36.1025%
Source Step = 36.2024%
Source Step = 36.3022%
Source Step = 36.4021%
vernier = 0.00494385
Source Step = 36.5369%
Source Step = 36.6868%
Source Step = 36.8366%
Source Step = 36.9864%
Source Step = 37.1362%
vernier = 0.00741577
Source Step = 37.331%
Source Step = 37.5557%
Source Step = 37.7804%
Source Step = 38.0051%
Source Step = 38.2298%
vernier = 0.0111237
Source Step = 38.5107%
Source Step = 38.8478%
Source Step = 39.1849%
Source Step = 39.522%
Source Step = 39.8591%
vernier = 0.0166855
Source Step = 40.2636%
Source Step = 40.7692%
Source Step = 40.9588%
Source Step = 41.0852%
Source Step = 41.2116%
Source Step = 41.338%
Source Step = 41.4644%
vernier = 0.00625706
Source Step = 41.6287%
Source Step = 41.8183%
Source Step = 42.0079%
Source Step = 42.1976%
Source Step = 42.3872%
vernier = 0.00938559
Source Step = 42.6242%
Source Step = 42.9086%
Source Step = 43.193%
Source Step = 43.4774%
Source Step = 43.7618%
vernier = 0.0140784
Source Step = 44.1031%
Source Step = 44.5297%
Source Step = 44.9563%
Source Step = 45.383%
Source Step = 45.8096%
vernier = 0.0211176
Source Step = 46.3002%
Source Step = 46.9401%
Source Step = 47.58%
Source Step = 48.22%
Source Step = 48.8599%
vernier = 0.0316764
Source Step = 49.5638%
Source Step = 50.5237%
Source Step = 51.4836%
Source Step = 52.4435%
Source Step = 53.4034%
vernier = 0.0475145
Source Step = 54.4113%
Source Step = 55.8511%
Source Step = 57.2909%
Source Step = 58.7308%
Source Step = 60.1706%
Source Step = 61.6104%
vernier = 0.0712718
Source Step = 63.7702%
Source Step = 65.9299%
Source Step = 68.0897%
Source Step = 70.2494%
Source Step = 72.4092%
vernier = 0.106908
Source Step = 75.5408%
Source Step = 78.7804%
Source Step = 82.0201%
Source Step = 85.2597%
Source Step = 88.4993%
vernier = 0.160362
Source Step = 93.0348%
Source Step = 97.8942%
Source stepping succeeded in finding the operating point.

Total elapsed time: 2.683 seconds.

Files loaded:
C:\Users\Usuario\Documents\Proyecto_Pedal\Overdrive-guitar-pedal-project\Simulaciones\Overdrive_simple.net
C:\Users\Usuario\AppData\Local\LTspice\lib\cmp\standard.dio
C:\Users\Usuario\Documents\Proyecto_Pedal\Overdrive-guitar-pedal-project\Simulaciones\LM386EE.sub
C:\Users\Usuario\Documents\Proyecto_Pedal\Overdrive-guitar-pedal-project\Simulaciones\TL072.lib

